[100%] Built target dt1
[100%] Built target talker
-- Install configuration: ""
-- Up-to-date: /home/student/ros2_ws/src/eced3901/install/eced3901/lib/eced3901/talker
-- Up-to-date: /home/student/ros2_ws/src/eced3901/install/eced3901/lib/eced3901/dt1
-- Up-to-date: /home/student/ros2_ws/src/eced3901/install/eced3901/share/eced3901/config
-- Up-to-date: /home/student/ros2_ws/src/eced3901/install/eced3901/share/eced3901/config/ekf_arena.yaml
-- Up-to-date: /home/student/ros2_ws/src/eced3901/install/eced3901/share/eced3901/config/challenge_waypoints_left.json
-- Up-to-date: /home/student/ros2_ws/src/eced3901/install/eced3901/share/eced3901/config/ekf.yaml
-- Up-to-date: /home/student/ros2_ws/src/eced3901/install/eced3901/share/eced3901/launch
-- Up-to-date: /home/student/ros2_ws/src/eced3901/install/eced3901/share/eced3901/launch/coastal_gazebo.launch.py
-- Up-to-date: /home/student/ros2_ws/src/eced3901/install/eced3901/share/eced3901/launch/lab3.launch.py
-- Up-to-date: /home/student/ros2_ws/src/eced3901/install/eced3901/share/eced3901/launch/arena_cv_test.launch.py
-- Up-to-date: /home/student/ros2_ws/src/eced3901/install/eced3901/share/eced3901/launch/arena_real_mapping.launch.py
-- Up-to-date: /home/student/ros2_ws/src/eced3901/install/eced3901/share/eced3901/launch/lab4a.launch.py
-- Up-to-date: /home/student/ros2_ws/src/eced3901/install/eced3901/share/eced3901/launch/lab4b.launch.py
-- Up-to-date: /home/student/ros2_ws/src/eced3901/install/eced3901/share/eced3901/launch/lab6a.launch.py
-- Up-to-date: /home/student/ros2_ws/src/eced3901/install/eced3901/share/eced3901/launch/arena_gazebo.launch.py
-- Up-to-date: /home/student/ros2_ws/src/eced3901/install/eced3901/share/eced3901/launch/coastal_nav.launch.py
-- Up-to-date: /home/student/ros2_ws/src/eced3901/install/eced3901/share/eced3901/launch/lab5dt2.launch.py
-- Up-to-date: /home/student/ros2_ws/src/eced3901/install/eced3901/share/eced3901/launch/arena_real_amcl.launch.py
-- Up-to-date: /home/student/ros2_ws/src/eced3901/install/eced3901/share/eced3901/launch/lab7nav.launch.py
-- Up-to-date: /home/student/ros2_ws/src/eced3901/install/eced3901/share/eced3901/launch/lab5.launch.py
-- Up-to-date: /home/student/ros2_ws/src/eced3901/install/eced3901/share/eced3901/launch/arena_amcl.launch.py
-- Up-to-date: /home/student/ros2_ws/src/eced3901/install/eced3901/share/eced3901/launch/arena_nav.launch.py
-- Up-to-date: /home/student/ros2_ws/src/eced3901/install/eced3901/share/eced3901/launch/lab6b.launch.py
-- Up-to-date: /home/student/ros2_ws/src/eced3901/install/eced3901/share/eced3901/launch/lab6nav.launch.py
-- Up-to-date: /home/student/ros2_ws/src/eced3901/install/eced3901/share/eced3901/maps
-- Up-to-date: /home/student/ros2_ws/src/eced3901/install/eced3901/share/eced3901/maps/lab5_dt2_map.yaml
-- Up-to-date: /home/student/ros2_ws/src/eced3901/install/eced3901/share/eced3901/maps/lab5_dt2_map.pgm
-- Up-to-date: /home/student/ros2_ws/src/eced3901/install/eced3901/share/eced3901/maps/lab4_map.yaml
-- Up-to-date: /home/student/ros2_ws/src/eced3901/install/eced3901/share/eced3901/maps/arena_map.pgm
-- Up-to-date: /home/student/ros2_ws/src/eced3901/install/eced3901/share/eced3901/maps/arena_map.yaml
-- Up-to-date: /home/student/ros2_ws/src/eced3901/install/eced3901/share/eced3901/maps/open_waters_map.pgm
-- Up-to-date: /home/student/ros2_ws/src/eced3901/install/eced3901/share/eced3901/maps/lab4_map.pgm
-- Up-to-date: /home/student/ros2_ws/src/eced3901/install/eced3901/share/eced3901/maps/open_waters_waypoints.py
-- Up-to-date: /home/student/ros2_ws/src/eced3901/install/eced3901/share/eced3901/maps/coastal_path_v1
-- Up-to-date: /home/student/ros2_ws/src/eced3901/install/eced3901/share/eced3901/maps/coastal_path_v1/model.sdf
-- Up-to-date: /home/student/ros2_ws/src/eced3901/install/eced3901/share/eced3901/maps/coastal_path_v1/model.config
-- Up-to-date: /home/student/ros2_ws/src/eced3901/install/eced3901/share/eced3901/maps/arena_real_map.pgm
-- Up-to-date: /home/student/ros2_ws/src/eced3901/install/eced3901/share/eced3901/maps/open_waters_map.yaml
-- Up-to-date: /home/student/ros2_ws/src/eced3901/install/eced3901/share/eced3901/maps/arena_real_map.yaml
-- Up-to-date: /home/student/ros2_ws/src/eced3901/install/eced3901/share/eced3901/maps/open_waters_waypoints.json
-- Up-to-date: /home/student/ros2_ws/src/eced3901/install/eced3901/share/eced3901/models
-- Up-to-date: /home/student/ros2_ws/src/eced3901/install/eced3901/share/eced3901/models/eced3901bot_description
-- Up-to-date: /home/student/ros2_ws/src/eced3901/install/eced3901/share/eced3901/models/eced3901bot_description/model.sdf
-- Up-to-date: /home/student/ros2_ws/src/eced3901/install/eced3901/share/eced3901/models/eced3901bot_description/model.config
-- Up-to-date: /home/student/ros2_ws/src/eced3901/install/eced3901/share/eced3901/models/eced3901_lab4
-- Up-to-date: /home/student/ros2_ws/src/eced3901/install/eced3901/share/eced3901/models/eced3901_lab4/model.sdf
-- Up-to-date: /home/student/ros2_ws/src/eced3901/install/eced3901/share/eced3901/models/eced3901_lab4/model.config
-- Up-to-date: /home/student/ros2_ws/src/eced3901/install/eced3901/share/eced3901/models/eced3901bot.urdf
-- Up-to-date: /home/student/ros2_ws/src/eced3901/install/eced3901/share/eced3901/params
-- Up-to-date: /home/student/ros2_ws/src/eced3901/install/eced3901/share/eced3901/params/arena_real_nav2_params.yaml
-- Up-to-date: /home/student/ros2_ws/src/eced3901/install/eced3901/share/eced3901/params/arena_nav2_params.yaml
-- Up-to-date: /home/student/ros2_ws/src/eced3901/install/eced3901/share/eced3901/params/nav2_params.yaml
-- Up-to-date: /home/student/ros2_ws/src/eced3901/install/eced3901/share/eced3901/rviz
-- Up-to-date: /home/student/ros2_ws/src/eced3901/install/eced3901/share/eced3901/rviz/nav2_config.rviz
-- Up-to-date: /home/student/ros2_ws/src/eced3901/install/eced3901/share/eced3901/rviz/urdf_config.rviz
-- Up-to-date: /home/student/ros2_ws/src/eced3901/install/eced3901/share/eced3901/rviz/nav2.rviz
-- Up-to-date: /home/student/ros2_ws/src/eced3901/install/eced3901/share/eced3901/src
-- Up-to-date: /home/student/ros2_ws/src/eced3901/install/eced3901/share/eced3901/src/publisher_member_function.cpp
-- Up-to-date: /home/student/ros2_ws/src/eced3901/install/eced3901/share/eced3901/src/eced3901_dt1.cpp
-- Up-to-date: /home/student/ros2_ws/src/eced3901/install/eced3901/share/eced3901/worlds
-- Up-to-date: /home/student/ros2_ws/src/eced3901/install/eced3901/share/eced3901/worlds/coastal_path.world
-- Up-to-date: /home/student/ros2_ws/src/eced3901/install/eced3901/share/eced3901/worlds/eced3901_lab6.world
-- Up-to-date: /home/student/ros2_ws/src/eced3901/install/eced3901/share/eced3901/worlds/empty.world
-- Up-to-date: /home/student/ros2_ws/src/eced3901/install/eced3901/share/eced3901/worlds/eced3901_lab4.world
-- Up-to-date: /home/student/ros2_ws/src/eced3901/install/eced3901/share/eced3901/worlds/challenge_arena.world
-- Up-to-date: /home/student/ros2_ws/src/eced3901/install/eced3901/lib/eced3901/map_saver_node.py
-- Up-to-date: /home/student/ros2_ws/src/eced3901/install/eced3901/lib/eced3901/demo_inspection.py
-- Up-to-date: /home/student/ros2_ws/src/eced3901/install/eced3901/lib/eced3901/coastal_path_nav.py
-- Up-to-date: /home/student/ros2_ws/src/eced3901/install/eced3901/lib/eced3901/arena_nav_wp.py
-- Up-to-date: /home/student/ros2_ws/src/eced3901/install/eced3901/lib/eced3901/arena_direct_nav.py
-- Up-to-date: /home/student/ros2_ws/src/eced3901/install/eced3901/lib/eced3901/arena_direct_nav_real.py
-- Up-to-date: /home/student/ros2_ws/src/eced3901/install/eced3901/lib/eced3901/arena_realmap_nav.py
-- Up-to-date: /home/student/ros2_ws/src/eced3901/install/eced3901/lib/eced3901/arena_cv_nav.py
-- Up-to-date: /home/student/ros2_ws/src/eced3901/install/eced3901/lib/eced3901/test_cv_scan.py
-- Up-to-date: /home/student/ros2_ws/src/eced3901/install/eced3901/lib/eced3901/test_cv_lifeboat.py
-- Up-to-date: /home/student/ros2_ws/src/eced3901/install/eced3901/lib/eced3901/cv_viewer.py
-- Up-to-date: /home/student/ros2_ws/src/eced3901/install/eced3901/lib/eced3901/open_waters_mapper.py
-- Up-to-date: /home/student/ros2_ws/src/eced3901/install/eced3901/lib/eced3901/arena_realmap_cv_nav.py
-- Up-to-date: /home/student/ros2_ws/src/eced3901/install/eced3901/lib/eced3901/test_port_interaction.py
-- Up-to-date: /home/student/ros2_ws/src/eced3901/install/eced3901/lib/eced3901/set_gazebo_start_pose.py
-- Up-to-date: /home/student/ros2_ws/src/eced3901/install/eced3901/lib/eced3901/generate_arena_map.py
-- Up-to-date: /home/student/ros2_ws/src/eced3901/install/eced3901/lib/eced3901/nav_diag.py
-- Up-to-date: /home/student/ros2_ws/src/eced3901/install/eced3901/lib/eced3901/spawn_course_objects.py
-- Up-to-date: /home/student/ros2_ws/src/eced3901/install/eced3901/lib/eced3901/simulated_cv_node.py
-- Up-to-date: /home/student/ros2_ws/src/eced3901/install/eced3901/lib/eced3901/challenge_mapper.py
-- Up-to-date: /home/student/ros2_ws/src/eced3901/install/eced3901/lib/eced3901/challenge_nav.py
-- Up-to-date: /home/student/ros2_ws/src/eced3901/install/eced3901/lib/eced3901/open_waters_nav.py
-- Up-to-date: /home/student/ros2_ws/src/eced3901/install/eced3901/lib/eced3901/cv_profiler.py
-- Installing: /home/student/ros2_ws/src/eced3901/install/eced3901/lib/eced3901/simple_open_water.py
-- Up-to-date: /home/student/ros2_ws/src/eced3901/install/eced3901/share/ament_index/resource_index/package_run_dependencies/eced3901
-- Up-to-date: /home/student/ros2_ws/src/eced3901/install/eced3901/share/ament_index/resource_index/parent_prefix_path/eced3901
-- Up-to-date: /home/student/ros2_ws/src/eced3901/install/eced3901/share/eced3901/environment/ament_prefix_path.sh
-- Up-to-date: /home/student/ros2_ws/src/eced3901/install/eced3901/share/eced3901/environment/ament_prefix_path.dsv
-- Up-to-date: /home/student/ros2_ws/src/eced3901/install/eced3901/share/eced3901/environment/path.sh
-- Up-to-date: /home/student/ros2_ws/src/eced3901/install/eced3901/share/eced3901/environment/path.dsv
-- Up-to-date: /home/student/ros2_ws/src/eced3901/install/eced3901/share/eced3901/local_setup.bash
-- Up-to-date: /home/student/ros2_ws/src/eced3901/install/eced3901/share/eced3901/local_setup.sh
-- Up-to-date: /home/student/ros2_ws/src/eced3901/install/eced3901/share/eced3901/local_setup.zsh
-- Up-to-date: /home/student/ros2_ws/src/eced3901/install/eced3901/share/eced3901/local_setup.dsv
-- Installing: /home/student/ros2_ws/src/eced3901/install/eced3901/share/eced3901/package.dsv
-- Up-to-date: /home/student/ros2_ws/src/eced3901/install/eced3901/share/ament_index/resource_index/packages/eced3901
-- Up-to-date: /home/student/ros2_ws/src/eced3901/install/eced3901/share/eced3901/cmake/eced3901Config.cmake
-- Up-to-date: /home/student/ros2_ws/src/eced3901/install/eced3901/share/eced3901/cmake/eced3901Config-version.cmake
-- Up-to-date: /home/student/ros2_ws/src/eced3901/install/eced3901/share/eced3901/package.xml
